// Jest Snapshot v1, https://goo.gl/fbAQLP

exports[`instruments sum function should return sum of two numbers passed 1`] = `9`;
