// Jest Snapshot v1, https://goo.gl/fbAQLP

exports[`Counter component should be equal to its snapshot 1`] = `
<section
  className="counter"
>
  Posts count: 
  3
</section>
`;
